[11:38:52.621] [INFO] Storybook upgrade - v10.4.6
[11:38:52.623] [INFO] Detecting projects...
[11:38:52.623] [DEBUG] Finding Storybook projects...
[11:38:53.321] [DEBUG] Found 5 Storybook projects
[11:38:53.322] [INFO] Detecting projects: 1 projects
[11:38:53.322] [DEBUG] Getting Storybook data...
[11:38:53.323] [DEBUG] Getting Storybook info...
[11:38:53.323] [INFO] Detecting projects: 2 projects
[11:38:53.324] [DEBUG] Getting Storybook data...
[11:38:53.324] [DEBUG] Getting Storybook info...
[11:38:53.324] [INFO] Detecting projects: 3 projects
[11:38:53.324] [DEBUG] Getting Storybook data...
[11:38:53.324] [DEBUG] Getting Storybook info...
[11:38:53.325] [INFO] Detecting projects: 4 projects
[11:38:53.325] [DEBUG] Getting Storybook data...
[11:38:53.325] [DEBUG] Getting Storybook info...
[11:38:53.326] [INFO] Detecting projects: 5 projects
[11:38:53.326] [DEBUG] Getting Storybook data...
[11:38:53.326] [DEBUG] Getting Storybook info...
[11:38:53.415] [DEBUG] Loading main config...
[11:38:53.415] [DEBUG] Getting stories paths...
[11:38:53.424] [DEBUG] Loading main config...
[11:38:53.424] [DEBUG] Getting stories paths...
[11:38:53.427] [DEBUG] Loading main config...
[11:38:53.427] [DEBUG] Getting stories paths...
[11:38:53.429] [DEBUG] Loading main config...
[11:38:53.429] [DEBUG] Getting stories paths...
[11:38:53.431] [DEBUG] Loading main config...
[11:38:53.431] [DEBUG] Getting stories paths...
[11:38:53.438] [DEBUG] Getting package manager...
[11:38:53.795] [DEBUG] Getting package.json info for /Users/antoinehurard/Documents/who/hems-front/package.json...
[11:38:53.795] [DEBUG] Getting Storybook version...
[11:38:53.795] [DEBUG] Detecting CSF factory usage...
[11:38:53.797] [DEBUG] Getting package manager...
[11:38:54.067] [DEBUG] Getting package.json info for /Users/antoinehurard/Documents/who/hems-front/package.json...
[11:38:54.067] [DEBUG] Getting Storybook version...
[11:38:54.067] [DEBUG] Detecting CSF factory usage...
[11:38:54.073] [DEBUG] /libs/doc-management/.storybook - Validating before version... undefined
[11:38:54.073] [DEBUG] SB_CLI_UPGRADE_0005 (UpgradeStorybookUnknownCurrentVersionError): We couldn't determine the current version of Storybook in your project.

Are you running the Storybook CLI in a project without Storybook?
It might help if you specify your Storybook config directory with the --config-dir flag.
[11:38:54.076] [DEBUG] /apps/front-office/.storybook - Validating before version... undefined
[11:38:54.076] [DEBUG] SB_CLI_UPGRADE_0005 (UpgradeStorybookUnknownCurrentVersionError): We couldn't determine the current version of Storybook in your project.

Are you running the Storybook CLI in a project without Storybook?
It might help if you specify your Storybook config directory with the --config-dir flag.
[11:38:54.076] [DEBUG] Getting package manager...
[11:38:54.350] [DEBUG] Getting package.json info for /Users/antoinehurard/Documents/who/hems-front/package.json...
[11:38:54.350] [DEBUG] Getting Storybook version...
[11:38:54.350] [DEBUG] Detecting CSF factory usage...
[11:38:54.352] [DEBUG] /libs/ui/.storybook - Validating before version... undefined
[11:38:54.352] [DEBUG] SB_CLI_UPGRADE_0005 (UpgradeStorybookUnknownCurrentVersionError): We couldn't determine the current version of Storybook in your project.

Are you running the Storybook CLI in a project without Storybook?
It might help if you specify your Storybook config directory with the --config-dir flag.
[11:38:54.353] [DEBUG] Getting package manager...
[11:38:54.621] [DEBUG] Getting package.json info for /Users/antoinehurard/Documents/who/hems-front/package.json...
[11:38:54.621] [DEBUG] Getting Storybook version...
[11:38:54.621] [DEBUG] Detecting CSF factory usage...
[11:38:54.623] [DEBUG] /apps/back-office/.storybook - Validating before version... undefined
[11:38:54.623] [DEBUG] SB_CLI_UPGRADE_0005 (UpgradeStorybookUnknownCurrentVersionError): We couldn't determine the current version of Storybook in your project.

Are you running the Storybook CLI in a project without Storybook?
It might help if you specify your Storybook config directory with the --config-dir flag.
[11:38:54.628] [DEBUG] Getting package manager...
[11:38:54.901] [DEBUG] Getting package.json info for /Users/antoinehurard/Documents/who/hems-front/package.json...
[11:38:54.901] [DEBUG] Getting Storybook version...
[11:38:54.901] [DEBUG] Detecting CSF factory usage...
[11:38:54.903] [DEBUG] /libs/shared/.storybook - Validating before version... undefined
[11:38:54.903] [DEBUG] SB_CLI_UPGRADE_0005 (UpgradeStorybookUnknownCurrentVersionError): We couldn't determine the current version of Storybook in your project.

Are you running the Storybook CLI in a project without Storybook?
It might help if you specify your Storybook config directory with the --config-dir flag.
[11:38:54.903] [INFO] 5 projects detected
[11:38:54.903] [DEBUG] Found 0 valid projects and 5 error projects
[11:38:54.903] [ERROR] Failed to get projects
[11:38:54.904] [ERROR] [38;2;241;97;97mError: ❌ Storybook found errors while collecting data for the following projects:
/apps/back-office/.storybook:
SB_CLI_UPGRADE_0005 (UpgradeStorybookUnknownCurrentVersionError): We couldn't determine the current version of Storybook in your project.

Are you running the Storybook CLI in a project without Storybook?
It might help if you specify your Storybook config directory with the --config-dir flag.
    at validateVersion (file:///Users/antoinehurard/.npm/_npx/dd71a53a3aa743ba/node_modules/@storybook/cli/dist/_node-chunks/chunk-HLLEXA5V.js:270:11)
    at processProject (file:///Users/antoinehurard/.npm/_npx/dd71a53a3aa743ba/node_modules/@storybook/cli/dist/_node-chunks/chunk-HLLEXA5V.js:316:82)
/apps/front-office/.storybook:
SB_CLI_UPGRADE_0005 (UpgradeStorybookUnknownCurrentVersionError): We couldn't determine the current version of Storybook in your project.

Are you running the Storybook CLI in a project without Storybook?
It might help if you specify your Storybook config directory with the --config-dir flag.
    at validateVersion (file:///Users/antoinehurard/.npm/_npx/dd71a53a3aa743ba/node_modules/@storybook/cli/dist/_node-chunks/chunk-HLLEXA5V.js:270:11)
    at processProject (file:///Users/antoinehurard/.npm/_npx/dd71a53a3aa743ba/node_modules/@storybook/cli/dist/_node-chunks/chunk-HLLEXA5V.js:316:82)
/libs/doc-management/.storybook:
SB_CLI_UPGRADE_0005 (UpgradeStorybookUnknownCurrentVersionError): We couldn't determine the current version of Storybook in your project.

Are you running the Storybook CLI in a project without Storybook?
It might help if you specify your Storybook config directory with the --config-dir flag.
    at validateVersion (file:///Users/antoinehurard/.npm/_npx/dd71a53a3aa743ba/node_modules/@storybook/cli/dist/_node-chunks/chunk-HLLEXA5V.js:270:11)
    at processProject (file:///Users/antoinehurard/.npm/_npx/dd71a53a3aa743ba/node_modules/@storybook/cli/dist/_node-chunks/chunk-HLLEXA5V.js:316:82)
/libs/ui/.storybook:
SB_CLI_UPGRADE_0005 (UpgradeStorybookUnknownCurrentVersionError): We couldn't determine the current version of Storybook in your project.

Are you running the Storybook CLI in a project without Storybook?
It might help if you specify your Storybook config directory with the --config-dir flag.
    at validateVersion (file:///Users/antoinehurard/.npm/_npx/dd71a53a3aa743ba/node_modules/@storybook/cli/dist/_node-chunks/chunk-HLLEXA5V.js:270:11)
    at processProject (file:///Users/antoinehurard/.npm/_npx/dd71a53a3aa743ba/node_modules/@storybook/cli/dist/_node-chunks/chunk-HLLEXA5V.js:316:82)
/libs/shared/.storybook:
SB_CLI_UPGRADE_0005 (UpgradeStorybookUnknownCurrentVersionError): We couldn't determine the current version of Storybook in your project.

Are you running the Storybook CLI in a project without Storybook?
It might help if you specify your Storybook config directory with the --config-dir flag.
    at validateVersion (file:///Users/antoinehurard/.npm/_npx/dd71a53a3aa743ba/node_modules/@storybook/cli/dist/_node-chunks/chunk-HLLEXA5V.js:270:11)
    at processProject (file:///Users/antoinehurard/.npm/_npx/dd71a53a3aa743ba/node_modules/@storybook/cli/dist/_node-chunks/chunk-HLLEXA5V.js:316:82)
Please fix the errors and run the upgrade command again.[39m
    at getProjects (file:///Users/antoinehurard/.npm/_npx/dd71a53a3aa743ba/node_modules/@storybook/cli/dist/_node-chunks/chunk-HLLEXA5V.js:488:13)
    at async upgrade (file:///Users/antoinehurard/.npm/_npx/dd71a53a3aa743ba/node_modules/@storybook/cli/dist/_node-chunks/run-RM7XIKWA.js:10353:24)
    at async file:///Users/antoinehurard/.npm/_npx/dd71a53a3aa743ba/node_modules/@storybook/cli/dist/_node-chunks/run-RM7XIKWA.js:10565:70
    at async withTelemetry (file:///Users/antoinehurard/.npm/_npx/dd71a53a3aa743ba/node_modules/storybook/dist/_node-chunks/chunk-G7NXW2C2.js:650:12)
    at async Command.<anonymous> (file:///Users/antoinehurard/.npm/_npx/dd71a53a3aa743ba/node_modules/@storybook/cli/dist/_node-chunks/run-RM7XIKWA.js:10561:3)
[11:38:54.909] [INFO] Storybook collects completely anonymous usage telemetry. We use it to shape Storybook's roadmap and prioritize features. You can learn more, including how to opt out, at https://storybook.js.org/telemetry
[11:38:55.488] [ERROR] Error: ❌ Storybook found errors while collecting data for the following projects:
/apps/back-office/.storybook:
SB_CLI_UPGRADE_0005 (UpgradeStorybookUnknownCurrentVersionError): We couldn't determine the current version of Storybook in your project.

Are you running the Storybook CLI in a project without Storybook?
It might help if you specify your Storybook config directory with the --config-dir flag.
    at validateVersion (file:///Users/antoinehurard/.npm/_npx/dd71a53a3aa743ba/node_modules/@storybook/cli/dist/_node-chunks/chunk-HLLEXA5V.js:270:11)
    at processProject (file:///Users/antoinehurard/.npm/_npx/dd71a53a3aa743ba/node_modules/@storybook/cli/dist/_node-chunks/chunk-HLLEXA5V.js:316:82)
/apps/front-office/.storybook:
SB_CLI_UPGRADE_0005 (UpgradeStorybookUnknownCurrentVersionError): We couldn't determine the current version of Storybook in your project.

Are you running the Storybook CLI in a project without Storybook?
It might help if you specify your Storybook config directory with the --config-dir flag.
    at validateVersion (file:///Users/antoinehurard/.npm/_npx/dd71a53a3aa743ba/node_modules/@storybook/cli/dist/_node-chunks/chunk-HLLEXA5V.js:270:11)
    at processProject (file:///Users/antoinehurard/.npm/_npx/dd71a53a3aa743ba/node_modules/@storybook/cli/dist/_node-chunks/chunk-HLLEXA5V.js:316:82)
/libs/doc-management/.storybook:
SB_CLI_UPGRADE_0005 (UpgradeStorybookUnknownCurrentVersionError): We couldn't determine the current version of Storybook in your project.

Are you running the Storybook CLI in a project without Storybook?
It might help if you specify your Storybook config directory with the --config-dir flag.
    at validateVersion (file:///Users/antoinehurard/.npm/_npx/dd71a53a3aa743ba/node_modules/@storybook/cli/dist/_node-chunks/chunk-HLLEXA5V.js:270:11)
    at processProject (file:///Users/antoinehurard/.npm/_npx/dd71a53a3aa743ba/node_modules/@storybook/cli/dist/_node-chunks/chunk-HLLEXA5V.js:316:82)
/libs/ui/.storybook:
SB_CLI_UPGRADE_0005 (UpgradeStorybookUnknownCurrentVersionError): We couldn't determine the current version of Storybook in your project.

Are you running the Storybook CLI in a project without Storybook?
It might help if you specify your Storybook config directory with the --config-dir flag.
    at validateVersion (file:///Users/antoinehurard/.npm/_npx/dd71a53a3aa743ba/node_modules/@storybook/cli/dist/_node-chunks/chunk-HLLEXA5V.js:270:11)
    at processProject (file:///Users/antoinehurard/.npm/_npx/dd71a53a3aa743ba/node_modules/@storybook/cli/dist/_node-chunks/chunk-HLLEXA5V.js:316:82)
/libs/shared/.storybook:
SB_CLI_UPGRADE_0005 (UpgradeStorybookUnknownCurrentVersionError): We couldn't determine the current version of Storybook in your project.

Are you running the Storybook CLI in a project without Storybook?
It might help if you specify your Storybook config directory with the --config-dir flag.
    at validateVersion (file:///Users/antoinehurard/.npm/_npx/dd71a53a3aa743ba/node_modules/@storybook/cli/dist/_node-chunks/chunk-HLLEXA5V.js:270:11)
    at processProject (file:///Users/antoinehurard/.npm/_npx/dd71a53a3aa743ba/node_modules/@storybook/cli/dist/_node-chunks/chunk-HLLEXA5V.js:316:82)
Please fix the errors and run the upgrade command again.